sbatch: debug2: Found in script, argument "--job-name=test_shared"
sbatch: debug2: Found in script, argument "--output=test_shared-%j.out"
sbatch: debug2: Found in script, argument "--error=test_shared-%j.err"
sbatch: debug2: Found in script, argument "-p"
sbatch: debug2: Found in script, argument "shared"
sbatch: debug2: Found in script, argument "--nodes=1"
sbatch: debug2: Found in script, argument "--ntasks=40"
sbatch: debug2: Found in script, argument "--cpus-per-task=1"
sbatch: debug2: Found in script, argument "--gres=gpu:1"
sbatch: debug2: Found in script, argument "--time=00:10:00"
sbatch: debug2: Found in script, argument "--ntasks-per-node=40"
sbatch: debug2: cpu=1 is not a gres
sbatch: defined options
sbatch: -------------------- --------------------
sbatch: cpus-per-task       : 1
sbatch: error               : /users/m24046/m24046mrcr/gnn_modulus_test/bin/test_shared-%j.err
sbatch: gres                : gres/gpu:1
sbatch: job-name            : test_shared
sbatch: nodes               : 1
sbatch: ntasks              : 40
sbatch: ntasks-per-node     : 40
sbatch: output              : /users/m24046/m24046mrcr/gnn_modulus_test/bin/test_shared-%j.out
sbatch: partition           : shared
sbatch: time                : 00:10:00
sbatch: verbose             : 3
sbatch: -------------------- --------------------
sbatch: end of defined options
sbatch: debug:  propagating RLIMIT_CPU=18446744073709551615
sbatch: debug:  propagating RLIMIT_FSIZE=18446744073709551615
sbatch: debug:  propagating RLIMIT_DATA=18446744073709551615
sbatch: debug:  propagating RLIMIT_STACK=18446744073709551615
sbatch: debug:  propagating RLIMIT_CORE=0
sbatch: debug:  propagating RLIMIT_RSS=18446744073709551615
sbatch: debug:  propagating RLIMIT_NPROC=260708
sbatch: debug:  propagating RLIMIT_NOFILE=1024
sbatch: debug:  propagating RLIMIT_MEMLOCK=18446744073709551615
sbatch: debug:  propagating RLIMIT_AS=18446744073709551615
sbatch: debug:  propagating SLURM_PRIO_PROCESS=0
sbatch: debug:  propagating UMASK=0077
sbatch: debug2: cpu=1 is not a gres
sbatch: error: AssocMaxSubmitJobLimit
sbatch: error: Batch job submission failed: Job violates accounting/QOS policy (job submit limit, user's size and/or time limits)
